// Jest Snapshot v1, https://goo.gl/fbAQLP

exports[`src/app.re renders 1`] = `
<div>
  <div>
    Turn:1
  </div>
  <span>
    [Card1]
  </span>
  <Prepare
    reasonProps={
      Array [
        Array [
          "Prepare",
          [Function],
          Array [
            0,
          ],
          [Function],
          [Function],
          [Function],
          [Function],
          [Function],
          [Function],
          [Function],
          [Function],
          0,
        ],
      ]
    }
  />
</div>
`;
