// Jest Snapshot v1, https://goo.gl/fbAQLP

exports[`src/app.re renders 1`] = `
<div>
  <Prepare
    reasonProps={
      Array [
        Array [
          Array [
            "Card1",
            Array [
              2,
              0,
            ],
          ],
          0,
        ],
        0,
        [Function],
      ]
    }
  />
</div>
`;
